[06:31] U0001 reserved S01
[06:34] U0002 reserved S02
[06:39] U0003 reserved S03
[06:41] U0004 reserved S04
[06:46] U0005 reserved S05
[06:49] U0006 reserved S06
[06:49] U0007 reserved S07
[06:50] U0008 reserved S08
[06:51] U0009 reserved S09
[06:51] U0001 slot released (TTL)
[06:52] U0010 reserved S10
[06:52] U0011 reserved S11
[06:54] U0012 reserved S12
[06:54] U0002 slot released (TTL)
[06:56] U0013 reserved S13
[06:56] U0014 reserved S14
[06:58] U0015 reserved S15
[06:58] U0016 reserved S16
[06:59] U0003 slot released (TTL)
[07:01] U0004 slot released (TTL)
[07:05] U0017 reserved S17
[07:06] U0005 slot released (TTL)
[07:07] U0018 reserved S18
[07:07] U0004 checked out
[07:09] U0006 slot released (TTL)
[07:09] U0007 slot released (TTL)
[07:10] U0019 reserved S04
[07:10] U0020 reserved S19
[07:10] U0008 slot released (TTL)
[07:11] U0021 reserved S20
[07:11] U0009 slot released (TTL)
[07:12] U0022 reserved S21
[07:12] U0010 slot released (TTL)
[07:12] U0011 slot released (TTL)
[07:14] U0012 slot released (TTL)
[07:16] U0013 slot released (TTL)
[07:16] U0014 slot released (TTL)
[07:17] U0023 reserved S22
[07:18] U0024 reserved S23
[07:18] U0015 slot released (TTL)
[07:18] U0016 slot released (TTL)
[07:19] U0025 reserved S24
[07:20] U0026 reserved S25
[07:23] U0027 reserved S26
[07:24] U0028 reserved S27
[07:25] U0017 slot released (TTL)
[07:27] U0018 slot released (TTL)
[07:28] U0029 reserved S28
[07:30] U0030 reserved S29
[07:30] U0031 reserved S30
[07:30] U0019 slot released (TTL)
[07:30] U0020 slot released (TTL)
[07:31] U0032 reserved S31
[07:31] U0033 reserved S32
[07:31] U0021 slot released (TTL)
[07:32] U0034 reserved S33
[07:32] U0022 slot released (TTL)
[07:34] U0035 reserved S34
[07:34] U0036 reserved S35
[07:36] U0014 checked out
[07:37] U0037 reserved S14
[07:37] U0023 slot released (TTL)
[07:38] U0005 checked out
[07:38] U0024 slot released (TTL)
[07:39] U0025 slot released (TTL)
[07:40] U0038 reserved S05
[07:40] U0026 slot released (TTL)
[07:43] U0027 slot released (TTL)
[07:44] U0028 slot released (TTL)
[07:47] U0039 reserved S36
[07:48] U0029 slot released (TTL)
[07:49] U0040 reserved S37
[07:49] U0029 checked out
[07:50] U0030 slot released (TTL)
[07:50] U0031 slot released (TTL)
[07:50] U0036 checked out
[07:51] U0032 slot released (TTL)
[07:51] U0033 slot released (TTL)
[07:52] U0034 slot released (TTL)
[07:53] U0041 reserved S28
[07:54] U0035 slot released (TTL)
[07:54] U0036 slot released (TTL)
[07:57] U0042 reserved S35
[07:57] U0037 slot released (TTL)
[07:59] U0016 checked out
[08:00] U0038 slot released (TTL)
[08:03] U0012 checked out
[08:03] U0032 checked out
[08:04] U0043 reserved S12
[08:04] U0044 reserved S16
[08:05] U0045 reserved S31
[08:06] U0046 reserved S38
[08:06] U0047 reserved S39
[08:07] U0048 reserved S40
[08:07] U0039 slot released (TTL)
[08:08] U0049 REJECTED — full
[08:08] U0013 checked out
[08:09] U0040 slot released (TTL)
[08:11] U0050 reserved S13
[08:11] U0051 REJECTED — full
[08:11] U0017 checked out
[08:12] U0052 reserved S17
[08:12] U0021 checked out
[08:13] U0053 reserved S20
[08:13] U0041 slot released (TTL)
[08:14] U0039 checked out
[08:17] U0054 reserved S36
[08:17] U0055 REJECTED — full
[08:17] U0042 slot released (TTL)
[08:20] U0056 REJECTED — full
[08:20] U0057 REJECTED — full
[08:22] U0028 checked out
[08:24] U0043 slot released (TTL)
[08:24] U0044 slot released (TTL)
[08:25] U0045 slot released (TTL)
[08:26] U0058 reserved S27
[08:26] U0046 slot released (TTL)
[08:26] U0047 slot released (TTL)
[08:27] U0048 slot released (TTL)
[08:29] U0059 REJECTED — full
[08:29] Security resolved U0003
[08:30] U0060 reserved S03
[08:31] U0061 REJECTED — full
[08:31] U0050 slot released (TTL)
[08:32] U0062 REJECTED — full
[08:32] U0052 slot released (TTL)
[08:33] U0053 slot released (TTL)
[08:37] U0054 slot released (TTL)
[08:46] U0058 slot released (TTL)
[08:50] U0031 checked out
[08:50] U0060 slot released (TTL)
[08:55] U0063 reserved S30
[08:57] Security resolved U0048
[09:03] U0064 reserved S40
[09:03] U0053 checked out
[09:09] Security resolved U0038
[09:12] U0034 checked out
[09:15] Security resolved U0060
[09:15] U0063 slot released (TTL)
[09:16] U0065 reserved S03
[09:17] U0066 reserved S05
[09:21] U0015 checked out
[09:23] U0064 slot released (TTL)
[09:30] U0067 reserved S15
[09:31] U0068 reserved S20
[09:36] U0069 reserved S33
[09:36] U0065 slot released (TTL)
[09:37] U0066 slot released (TTL)
[09:50] U0067 slot released (TTL)
[09:51] U0068 slot released (TTL)
[09:53] U0035 checked out
[09:54] U0070 reserved S34
[09:55] Security resolved U0022
[09:56] U0069 slot released (TTL)
[10:00] U0071 reserved S21
[10:01] U0072 REJECTED — full
[10:01] U0001 checked out
[10:02] U0073 reserved S01
[10:04] U0074 REJECTED — full
[10:07] U0018 checked out
[10:07] U0069 checked out
[10:09] U0075 reserved S18
[10:09] U0026 checked out
[10:14] U0070 slot released (TTL)
[10:20] U0076 reserved S25
[10:20] U0071 slot released (TTL)
[10:21] U0067 checked out
[10:22] U0073 slot released (TTL)
[10:23] U0077 reserved S15
[10:25] U0054 checked out
[10:29] U0075 slot released (TTL)
[10:33] U0052 checked out
[10:38] U0042 checked out
[10:40] U0076 slot released (TTL)
[10:43] U0078 reserved S17
[10:43] U0077 slot released (TTL)
[10:45] U0027 checked out
[10:46] U0030 checked out
[10:48] U0079 reserved S26
[10:49] U0080 reserved S29
[10:53] U0081 reserved S33
[10:55] U0008 checked out
[10:55] U0047 checked out
[11:00] U0077 checked out
[11:00] U0079 checked out
[11:01] Security resolved U0076
[11:03] U0078 slot released (TTL)
[11:04] U0082 reserved S08
[11:04] U0023 checked out
[11:06] U0083 reserved S15
[11:08] U0079 slot released (TTL)
[11:09] U0080 slot released (TTL)
[11:13] U0081 slot released (TTL)
[11:17] U0084 reserved S22
[11:19] U0085 reserved S25
[11:19] U0086 reserved S26
[11:20] U0087 reserved S35
[11:21] U0088 reserved S36
[11:23] U0089 reserved S39
[11:24] U0082 slot released (TTL)
[11:26] U0083 slot released (TTL)
[11:27] U0090 REJECTED — full
[11:28] U0091 REJECTED — full
[11:34] U0092 REJECTED — full
[11:37] U0084 slot released (TTL)
[11:39] U0085 slot released (TTL)
[11:39] U0086 slot released (TTL)
[11:40] U0087 slot released (TTL)
[11:41] U0088 slot released (TTL)
[11:43] U0089 slot released (TTL)
[11:44] U0093 REJECTED — full
[11:44] Security resolved U0050
[11:44] U0082 checked out
[11:51] U0063 checked out
[12:01] U0094 reserved S08
[12:04] U0095 reserved S13
[12:12] U0096 reserved S30
[12:12] U0097 REJECTED — full
[12:14] U0098 REJECTED — full
[12:14] U0044 checked out
[12:16] U0099 reserved S16
[12:18] U0041 checked out
[12:21] U0094 slot released (TTL)
[12:24] U0095 slot released (TTL)
[12:26] U0011 checked out
[12:28] U0071 checked out
[12:32] U0096 slot released (TTL)
[12:36] U0086 checked out
[12:36] U0099 slot released (TTL)
[12:36] U0096 checked out
[12:39] U0043 checked out
[12:40] U0073 checked out
[12:48] U0100 reserved S01
[12:52] Security resolved U0025
[12:53] U0101 reserved S11
[12:54] U0102 reserved S12
[12:55] U0103 reserved S21
[12:55] U0007 checked out
[12:58] U0065 checked out
[13:00] U0104 reserved S03
[13:00] U0083 checked out
[13:04] Security resolved U0089
[13:07] U0105 reserved S07
[13:08] U0100 slot released (TTL)
[13:13] U0101 slot released (TTL)
[13:14] U0102 slot released (TTL)
[13:15] U0103 slot released (TTL)
[13:20] U0104 slot released (TTL)
[13:27] U0105 slot released (TTL)
[13:32] U0106 reserved S15
[13:39] U0107 reserved S24
[13:40] U0108 reserved S26
[13:41] U0109 reserved S28
[13:42] U0110 reserved S30
[13:43] U0111 reserved S39
[13:43] U0112 REJECTED — full
[13:44] U0113 REJECTED — full
[13:44] Security resolved U0019
[13:44] U0102 checked out
[13:48] U0114 reserved S04
[13:48] U0115 reserved S12
[13:52] U0106 slot released (TTL)
[13:59] U0107 slot released (TTL)
[13:59] U0107 checked out
[14:00] U0108 slot released (TTL)
[14:01] U0109 slot released (TTL)
[14:02] U0110 slot released (TTL)
[14:03] U0111 slot released (TTL)
[14:05] Security resolved U0075
[14:08] U0114 slot released (TTL)
[14:08] U0115 slot released (TTL)
[14:12] U0114 checked out
[14:13] Security resolved U0101
[14:14] U0116 reserved S04
[14:14] U0006 checked out
[14:22] U0064 checked out
[14:23] U0024 checked out
[14:28] U0058 checked out
[14:34] U0116 slot released (TTL)
[14:35] U0117 reserved S06
[14:37] U0033 checked out
[14:43] U0118 reserved S11
[14:52] U0084 checked out
[14:53] U0119 reserved S18
[14:55] U0117 slot released (TTL)
[15:03] U0118 slot released (TTL)
[15:13] U0119 slot released (TTL)
[15:14] U0094 checked out
[15:23] U0120 reserved S08
[15:32] U0121 reserved S22
[15:34] U0122 reserved S23
[15:37] U0095 checked out
[15:40] U0104 checked out
[15:41] U0123 reserved S03
[15:43] U0120 slot released (TTL)
[15:47] U0124 reserved S13
[15:52] U0125 reserved S24
[15:52] U0121 slot released (TTL)
[15:54] U0122 slot released (TTL)
[15:58] U0106 checked out
[16:01] U0126 reserved S15
[16:01] U0123 slot released (TTL)
[16:07] U0124 slot released (TTL)
[16:12] U0127 reserved S27
[16:12] U0128 reserved S32
[16:12] U0125 slot released (TTL)
[16:14] U0068 checked out
[16:21] U0020 checked out
[16:21] U0126 slot released (TTL)
[16:22] U0105 checked out
[16:30] U0129 reserved S07
[16:30] U0123 checked out
[16:32] U0127 slot released (TTL)
[16:32] U0128 slot released (TTL)
[16:34] U0125 checked out
[16:41] U0087 checked out
[16:42] U0130 reserved S03
[16:48] U0131 reserved S19
[16:50] U0129 slot released (TTL)
[16:53] U0081 checked out
[16:58] U0085 checked out
[17:02] U0130 slot released (TTL)
[17:06] U0009 checked out
[17:06] Security resolved U0120
[17:08] U0126 checked out
[17:08] U0131 slot released (TTL)
[17:13] U0132 reserved S08
[17:33] U0132 slot released (TTL)
[17:34] U0010 checked out
[17:40] Security resolved U0109
[17:41] U0133 reserved S09
[17:49] U0134 reserved S10
[18:01] U0135 reserved S15
[18:01] U0133 slot released (TTL)
[18:04] U0133 checked out
[18:09] U0134 slot released (TTL)
[18:14] U0136 reserved S09
[18:20] Security resolved U0124
[18:21] U0137 reserved S13
[18:21] U0135 slot released (TTL)
[18:22] U0138 reserved S20
[18:24] U0135 checked out
[18:25] U0111 checked out
[18:25] Security resolved U0115
[18:29] U0139 reserved S12
[18:29] Security resolved U0110
[18:34] U0136 slot released (TTL)
[18:35] U0140 reserved S15
[18:36] U0141 reserved S24
[18:41] U0137 slot released (TTL)
[18:42] U0138 slot released (TTL)
[18:43] U0122 checked out
[18:45] U0130 checked out
[18:48] U0142 reserved S03
[18:49] U0139 slot released (TTL)
[18:51] U0143 reserved S23
[18:53] U0121 checked out
[18:55] U0040 checked out
[18:55] U0140 slot released (TTL)
[18:56] U0141 slot released (TTL)
[19:01] U0144 reserved S22
[19:01] Security resolved U0099
[19:08] U0142 slot released (TTL)
[19:11] U0143 slot released (TTL)
[19:21] U0144 slot released (TTL)
[19:24] U0145 reserved S16
[19:37] Security resolved U0144
[19:39] U0132 checked out
[19:44] U0145 slot released (TTL)
[19:46] U0146 reserved S08
[19:47] U0147 reserved S22
[19:51] U0148 reserved S25
[19:56] Security resolved U0129
[20:05] Security resolved U0037
[20:06] Security resolved U0136
[20:06] U0146 slot released (TTL)
[20:07] U0142 checked out
[20:07] U0147 slot released (TTL)
[20:11] U0148 slot released (TTL)
[20:12] U0149 reserved S03
[20:13] U0131 checked out
[20:15] U0150 reserved S07
[20:15] U0108 checked out
[20:16] U0134 checked out
[20:17] U0151 reserved S09
[20:29] Security resolved U0138
[20:32] U0149 slot released (TTL)
[20:35] U0150 slot released (TTL)
[20:37] U0151 slot released (TTL)
[20:40] U0152 reserved S10
[20:57] U0045 checked out
[21:00] U0152 slot released (TTL)
[21:02] U0153 reserved S14
[21:17] U0154 reserved S19
[21:20] U0155 reserved S20
[21:22] U0153 slot released (TTL)
[21:25] U0151 checked out
[21:25] U0152 checked out
[21:32] U0156 reserved S09
[21:37] U0154 slot released (TTL)
[21:38] U0100 checked out
[21:40] U0155 slot released (TTL)
[21:41] U0002 checked out
[21:45] U0157 reserved S01
[21:46] Security resolved U0150
[21:47] U0158 reserved S02
[21:48] U0159 reserved S07
[21:49] U0139 checked out
[21:52] U0156 slot released (TTL)
SIMULATION COMPLETE | Arrivals: 159 | Served via App: 141 (88.7%) | Bypasses: 0 (0.0%) | Inactive Agents: 0 | Violations: 24
Log: output.log
SIMULATION COMPLETE | Arrivals: 159 | Served via App: 141 (88.7%) | Bypasses: 0 (0.0%) | Inactive Agents: 0 | Violations: 24
Log: output.log
[06:07] U0001 reserved S01
[06:08] U0002 reserved S02
[06:19] U0003 reserved S03
[06:27] U0001 slot released (TTL)
[06:28] U0002 slot released (TTL)
[06:30] U0004 reserved S04
[06:34] U0005 reserved S05
[06:39] U0003 slot released (TTL)
[06:41] U0006 reserved S06
[06:43] U0007 reserved S07
[06:44] U0008 reserved S08
[06:48] U0009 reserved S09
[06:50] U0010 reserved S10
[06:50] U0011 reserved S11
[06:50] U0004 slot released (TTL)
[06:52] U0012 reserved S12
[06:52] U0013 reserved S13
[06:54] U0005 slot released (TTL)
[06:55] U0014 reserved S14
[06:58] U0015 reserved S15
[06:58] U0016 reserved S16
[07:01] U0006 slot released (TTL)
[07:02] U0017 reserved S17
[07:03] U0007 slot released (TTL)
[07:04] U0018 reserved S18
[07:04] U0008 slot released (TTL)
[07:08] U0009 slot released (TTL)
[07:09] U0019 reserved S19
[07:10] U0010 slot released (TTL)
[07:10] U0011 slot released (TTL)
[07:12] U0012 slot released (TTL)
[07:12] U0013 slot released (TTL)
[07:15] U0020 reserved S20
[07:15] U0014 slot released (TTL)
[07:18] U0021 reserved S21
[07:18] U0022 reserved S22
[07:18] U0015 slot released (TTL)
[07:18] U0016 slot released (TTL)
[07:19] U0023 reserved S23
[07:19] U0024 reserved S24
[07:21] U0025 reserved S25
[07:22] U0017 slot released (TTL)
[07:24] U0018 slot released (TTL)
[07:25] U0016 checked out
[07:26] Security resolved U0007
[07:27] U0026 reserved S07
[07:29] U0019 slot released (TTL)
[07:33] U0027 reserved S16
[07:35] U0020 slot released (TTL)
[07:37] U0028 reserved S26
[07:38] U0029 reserved S27
[07:38] U0021 slot released (TTL)
[07:38] U0022 slot released (TTL)
[07:39] U0030 reserved S28
[07:39] U0023 slot released (TTL)
[07:39] U0024 slot released (TTL)
[07:41] U0031 reserved S29
[07:41] U0025 slot released (TTL)
[07:42] U0032 reserved S30
[07:42] U0033 reserved S31
[07:46] U0021 checked out
[07:47] U0026 slot released (TTL)
[07:48] U0034 reserved S21
[07:49] U0035 reserved S32
[07:51] U0036 reserved S33
[07:52] U0037 reserved S34
[07:53] U0027 slot released (TTL)
[07:55] U0038 reserved S35
[07:57] U0005 checked out
[07:57] U0028 slot released (TTL)
[07:58] U0039 reserved S05
[07:58] U0029 slot released (TTL)
[07:59] U0040 reserved S36
[07:59] U0030 slot released (TTL)
[08:00] U0041 reserved S37
[08:01] U0031 slot released (TTL)
[08:02] U0032 slot released (TTL)
[08:02] U0033 slot released (TTL)
[08:03] U0042 reserved S38
[08:03] Security resolved U0014
[08:04] U0043 reserved S14
[08:05] U0044 reserved S39
[08:07] U0031 checked out
[08:08] U0034 slot released (TTL)
[08:09] U0045 reserved S29
[08:09] U0035 slot released (TTL)
[08:11] U0046 reserved S40
[08:11] U0047 REJECTED — full
[08:11] U0036 slot released (TTL)
[08:12] U0037 slot released (TTL)
[08:12] Security resolved U0038
[08:14] U0048 reserved S35
[08:15] U0038 slot released (TTL)
[08:18] U0039 slot released (TTL)
[08:19] U0040 slot released (TTL)
[08:20] U0049 REJECTED — full
[08:20] U0041 slot released (TTL)
[08:22] U0050 REJECTED — full
[08:23] U0042 slot released (TTL)
[08:24] U0051 REJECTED — full
[08:24] U0043 slot released (TTL)
[08:25] U0044 slot released (TTL)
[08:28] U0052 REJECTED — full
[08:28] U0053 REJECTED — full
[08:29] U0045 slot released (TTL)
[08:30] Security resolved U0008
[08:31] U0054 reserved S08
[08:31] U0055 REJECTED — full
[08:31] U0046 slot released (TTL)
[08:33] U0042 checked out
[08:34] Security resolved U0032
[08:34] U0048 slot released (TTL)
[08:37] U0056 reserved S30
[08:39] U0057 reserved S38
[08:47] U0058 REJECTED — full
[08:47] U0046 checked out
[08:49] U0034 checked out
[08:50] U0059 reserved S21
[08:51] U0054 slot released (TTL)
[08:56] U0060 reserved S40
[08:57] U0056 slot released (TTL)
[08:59] U0057 slot released (TTL)
[09:06] U0011 checked out
[09:10] U0059 slot released (TTL)
[09:16] U0060 slot released (TTL)
[09:21] U0061 reserved S11
[09:21] Security resolved U0017
[09:30] U0062 reserved S17
[09:34] Security resolved U0022
[09:37] U0063 reserved S22
[09:41] U0061 slot released (TTL)
[09:44] U0064 REJECTED — full
[09:44] U0041 checked out
[09:45] U0028 checked out
[09:49] U0012 checked out
[09:50] U0062 slot released (TTL)
[09:54] U0019 checked out
[09:57] U0063 slot released (TTL)
[10:02] U0065 reserved S12
[10:09] U0054 checked out
[10:12] U0001 checked out
[10:19] Security resolved U0044
[10:21] Security resolved U0009
[10:22] U0065 slot released (TTL)
[10:23] U0066 reserved S01
[10:23] U0067 reserved S08
[10:30] U0068 reserved S09
[10:30] U0069 reserved S19
[10:30] U0004 checked out
[10:30] U0045 checked out
[10:35] U0037 checked out
[10:42] U0059 checked out
[10:43] U0066 slot released (TTL)
[10:43] U0067 slot released (TTL)
[10:50] U0068 slot released (TTL)
[10:50] U0069 slot released (TTL)
[10:53] U0070 reserved S04
[10:53] Security resolved U0067
[11:04] Security resolved U0030
[11:07] U0065 checked out
[11:10] U0071 reserved S08
[11:13] U0070 slot released (TTL)
[11:14] U0072 reserved S12
[11:17] U0035 checked out
[11:18] U0073 reserved S21
[11:19] U0074 reserved S26
[11:24] U0075 reserved S28
[11:27] U0076 reserved S29
[11:27] U0043 checked out
[11:30] U0056 checked out
[11:30] U0071 slot released (TTL)
[11:31] U0018 checked out
[11:34] U0072 slot released (TTL)
[11:38] U0077 reserved S14
[11:38] U0073 slot released (TTL)
[11:39] U0074 slot released (TTL)
[11:44] U0075 slot released (TTL)
[11:47] U0078 reserved S18
[11:47] U0076 slot released (TTL)
[11:50] U0079 reserved S30
[11:54] Security resolved U0013
[11:56] U0077 checked out
[11:58] U0077 slot released (TTL)
[11:59] U0080 reserved S13
[12:01] U0081 reserved S14
[12:03] U0010 checked out
[12:03] Security resolved U0033
[12:07] U0078 slot released (TTL)
[12:10] U0079 slot released (TTL)
[12:12] U0082 reserved S10
[12:12] U0083 reserved S31
[12:16] Security resolved U0066
[12:19] U0080 slot released (TTL)
[12:21] U0081 slot released (TTL)
[12:31] U0084 reserved S01
[12:32] U0082 slot released (TTL)
[12:32] U0083 slot released (TTL)
[12:34] U0085 reserved S32
[12:38] U0086 reserved S34
[12:39] U0087 reserved S37
[12:39] U0063 checked out
[12:40] U0088 reserved S22
[12:40] U0083 checked out
[12:47] U0089 reserved S31
[12:49] U0076 checked out
[12:50] U0090 reserved S29
[12:51] U0084 slot released (TTL)
[12:54] U0085 slot released (TTL)
[12:56] U0085 checked out
[12:57] U0091 reserved S32
[12:58] U0086 slot released (TTL)
[12:59] U0087 slot released (TTL)
[13:00] U0088 slot released (TTL)
[13:07] U0089 slot released (TTL)
[13:09] U0025 checked out
[13:10] U0090 slot released (TTL)
[13:11] U0092 reserved S25
[13:16] Security resolved U0061
[13:16] U0070 checked out
[13:17] U0091 slot released (TTL)
[13:20] U0093 reserved S04
[13:20] Security resolved U0072
[13:21] U0094 reserved S11
[13:26] U0095 reserved S12
[13:28] U0048 checked out
[13:31] U0092 slot released (TTL)
[13:36] U0096 reserved S35
[13:40] U0092 checked out
[13:40] U0093 slot released (TTL)
[13:41] U0094 slot released (TTL)
[13:44] U0097 reserved S25
[13:46] U0095 slot released (TTL)
[13:56] U0096 slot released (TTL)
[14:02] U0098 reserved S39
[14:03] U0006 checked out
[14:04] U0099 reserved S06
[14:04] U0097 slot released (TTL)
[14:11] U0100 REJECTED — full
[14:11] U0101 REJECTED — full
[14:11] U0027 checked out
[14:11] U0097 checked out
[14:12] U0074 checked out
[14:22] U0098 slot released (TTL)
[14:24] U0099 slot released (TTL)
[14:25] U0102 reserved S16
[14:29] U0103 reserved S25
[14:29] U0080 checked out
[14:30] U0104 reserved S13
[14:31] U0105 reserved S26
[14:35] U0023 checked out
[14:36] U0106 reserved S23
[14:37] U0002 checked out
[14:45] U0102 slot released (TTL)
[14:49] U0103 slot released (TTL)
[14:50] U0104 slot released (TTL)
[14:51] U0105 slot released (TTL)
[14:54] U0068 checked out
[14:54] U0090 checked out
[14:56] U0106 slot released (TTL)
[15:03] U0107 reserved S02
[15:06] Security resolved U0029
[15:08] U0108 reserved S09
[15:15] U0057 checked out
[15:18] U0109 reserved S27
[15:20] U0106 checked out
[15:23] U0107 slot released (TTL)
[15:28] U0108 slot released (TTL)
[15:30] U0062 checked out
[15:34] U0110 reserved S17
[15:38] U0109 slot released (TTL)
[15:40] U0111 reserved S23
[15:40] U0026 checked out
[15:47] U0112 reserved S07
[15:48] U0015 checked out
[15:54] U0113 reserved S15
[15:54] U0110 slot released (TTL)
[15:56] U0114 reserved S29
[15:59] U0079 checked out
[16:00] U0111 slot released (TTL)
[16:07] U0099 checked out
[16:07] U0112 slot released (TTL)
[16:09] U0003 checked out
[16:09] U0087 checked out
[16:14] U0113 slot released (TTL)
[16:14] U0114 checked out
[16:16] U0114 slot released (TTL)
[16:19] U0069 checked out
[16:29] U0115 reserved S03
[16:35] U0075 checked out
[16:37] U0024 checked out
[16:48] U0116 reserved S06
[16:49] U0115 slot released (TTL)
[16:51] U0117 reserved S19
[16:51] U0094 checked out
[16:51] U0096 checked out
[16:53] U0118 reserved S11
[16:53] U0119 reserved S24
[17:08] U0116 slot released (TTL)
[17:11] U0117 slot released (TTL)
[17:13] U0118 slot released (TTL)
[17:13] U0119 slot released (TTL)
[17:15] U0120 reserved S28
[17:15] U0121 reserved S29
[17:16] U0088 checked out
[17:20] U0020 checked out
[17:23] U0122 reserved S20
[17:25] U0119 checked out
[17:31] U0105 checked out
[17:35] U0120 slot released (TTL)
[17:35] U0121 slot released (TTL)
[17:38] Security resolved U0111
[17:42] U0078 checked out
[17:43] U0122 slot released (TTL)
[17:47] U0091 checked out
[17:52] U0107 checked out
[18:00] Security resolved U0039
[18:06] U0123 reserved S02
[18:10] Security resolved U0110
[18:10] U0117 checked out
[18:14] U0124 reserved S05
[18:17] U0125 reserved S17
[18:23] U0126 reserved S18
[18:26] U0123 slot released (TTL)
[18:30] U0082 checked out
[18:31] U0127 reserved S10
[18:32] U0128 reserved S19
[18:32] U0129 reserved S22
[18:34] U0124 slot released (TTL)
[18:37] U0125 slot released (TTL)
[18:39] U0130 reserved S23
[18:39] U0120 checked out
[18:43] U0126 slot released (TTL)
[18:47] U0131 reserved S24
[18:49] U0132 reserved S26
[18:51] U0127 slot released (TTL)
[18:52] U0128 slot released (TTL)
[18:52] U0129 slot released (TTL)
[18:55] U0071 checked out
[18:59] U0130 slot released (TTL)
[19:07] U0133 reserved S08
[19:07] U0131 slot released (TTL)
[19:09] U0132 slot released (TTL)
[19:10] U0134 reserved S28
[19:12] U0135 reserved S30
[19:13] U0132 checked out
[19:16] U0136 reserved S26
[19:24] U0115 checked out
[19:25] Security resolved U0103
[19:27] U0133 slot released (TTL)
[19:28] U0137 reserved S03
[19:30] U0126 checked out
[19:30] U0134 slot released (TTL)
[19:32] U0135 slot released (TTL)
[19:36] U0136 slot released (TTL)
[19:39] U0125 checked out
[19:43] U0121 checked out
[19:46] U0138 reserved S17
[19:47] U0139 reserved S18
[19:48] U0137 slot released (TTL)
[19:53] U0140 reserved S25
[19:53] U0128 checked out
[19:59] U0141 reserved S19
[20:03] U0137 checked out
[20:06] U0138 slot released (TTL)
[20:07] U0139 slot released (TTL)
[20:12] U0073 checked out
[20:13] U0140 slot released (TTL)
[20:14] U0142 reserved S03
[20:14] U0124 checked out
[20:16] U0143 reserved S05
[20:16] U0144 reserved S21
[20:16] U0118 checked out
[20:19] U0141 slot released (TTL)
[20:22] U0145 reserved S11
[20:22] U0146 reserved S29
[20:24] U0147 reserved S32
[20:25] Security resolved U0138
[20:31] U0148 reserved S17
[20:31] U0093 checked out
[20:34] U0142 slot released (TTL)
[20:36] U0143 slot released (TTL)
[20:36] U0144 slot released (TTL)
[20:40] U0109 checked out
[20:42] U0145 slot released (TTL)
[20:42] U0146 slot released (TTL)
[20:43] U0149 reserved S04
[20:44] U0150 reserved S27
[20:44] U0147 slot released (TTL)
[20:46] U0151 reserved S35
[20:46] U0152 reserved S37
[20:51] U0148 slot released (TTL)
[20:52] U0153 reserved S38
[20:52] U0127 checked out
[21:01] U0135 checked out
[21:02] U0089 checked out
[21:03] U0149 slot released (TTL)
[21:04] U0150 slot released (TTL)
[21:06] U0151 slot released (TTL)
[21:06] U0152 slot released (TTL)
[21:12] U0154 reserved S10
[21:12] U0153 slot released (TTL)
[21:15] U0116 checked out
[21:20] U0155 reserved S06
[21:21] U0156 reserved S30
[21:21] U0141 checked out
[21:23] U0098 checked out
[21:32] U0154 slot released (TTL)
[21:35] U0139 checked out
[21:37] U0157 reserved S18
[21:40] U0155 slot released (TTL)
[21:41] U0156 slot released (TTL)
[21:45] U0158 reserved S19
[21:46] Security resolved U0113
[21:49] U0159 reserved S15
[21:51] U0142 checked out
[21:54] U0160 reserved S03
[21:57] U0157 slot released (TTL)
[21:59] U0161 reserved S31
SIMULATION COMPLETE | Arrivals: 161 | Served via App: 150 (93.2%) | Bypasses: 0 (0.0%) | Inactive Agents: 0 | Violations: 23
Log: output.log
SIMULATION COMPLETE | Arrivals: 161 | Served via App: 150 (93.2%) | Bypasses: 0 (0.0%) | Inactive Agents: 0 | Violations: 23
Log: output.log
